// Jest Snapshot v1, https://goo.gl/fbAQLP

exports[`App renders correctly 1`] = `
<DocumentFragment>
  <div
    class="app"
  >
    <div
      class="app__image-box"
    >
      <img
        alt="nasaLogo"
        class="app__image"
        src="https://cdn.cnn.com/cnnnext/dam/assets/200424060716-nasa-worm-logo.jpg"
      />
      <p
        class="app__text"
      >
        Planet Image Search Engine
      </p>
    </div>
    <div
      class="search-form__outer-div"
    >
      <form
        class="search-form"
      >
        <input
          class="search-input"
          placeholder="Choose your planet!"
          type="text"
        />
        <button
          class="search-btn"
          type="submit"
        >
          Go!
        </button>
      </form>
    </div>
    <p
      class="search-results__no-results"
    >
      Nothing to see here!
    </p>
  </div>
</DocumentFragment>
`;
